I'm sorry, but errors were detected in your script. Please correct the
errors listed below, and try again.


File "game/System.rpy", line 13: expected statement.
    config.automatic_images_minimum_components = 1
                                               ^

File "game/System.rpy", line 14: expected statement.
    config.automatic_images = [' ', '_', '/']
                            ^

File "game/System.rpy", line 15: expected statement.
    config.automatic_images_strip = ['Images']
                                  ^

Ren'Py Version: Ren'Py 6.99.14.1.3218
Mon Nov 12 18:24:58 2018
